exports[`test fails without required props 1`] = `"received is not a function"`;

exports[`test renders correctly 1`] = `
<View
  style={
    Object {
      "flex": 1,
      "flexDirection": "row",
    }
  }>
  <View
    style={
      Object {
        "alignItems": "center",
        "alignSelf": "center",
        "flex": 2,
        "flexDirection": "row",
        "paddingLeft": 10,
      }
    }>
    <Image
      source={1} />
    <View
      style={
        Object {
          "flex": 1,
          "flexDirection": "column",
        }
      }>
      <Text
        accessible={true}
        allowFontScaling={true}
        ellipsizeMode="tail"
        style={
          Object {
            "paddingBottom": 5,
            "paddingLeft": 15,
          }
        }>
        From: 
        Person
      </Text>
      <Text
        accessible={true}
        allowFontScaling={true}
        ellipsizeMode="tail"
        style={
          Object {
            "paddingLeft": 15,
          }
        }>
        12/12
      </Text>
    </View>
  </View>
  <View
    style={
      Object {
        "alignItems": "center",
        "alignSelf": "center",
        "flex": 2,
        "flexDirection": "row",
      }
    }>
    <View
      style={
        Object {
          "flex": 1,
          "flexDirection": "row-reverse",
        }
      }>
      <View
        accessibilityComponentType={undefined}
        accessibilityLabel={undefined}
        accessibilityTraits={undefined}
        accessible={true}
        hitSlop={undefined}
        onLayout={undefined}
        onResponderGrant={[Function]}
        onResponderMove={[Function]}
        onResponderRelease={[Function]}
        onResponderTerminate={[Function]}
        onResponderTerminationRequest={[Function]}
        onStartShouldSetResponder={[Function]}
        style={
          Array [
            Object {
              "backgroundColor": "transparent",
            },
            undefined,
          ]
        }
        testID={undefined}>
        <View
          style={
            Object {
              "alignItems": "center",
              "backgroundColor": "#8B5E3C",
              "borderColor": "#000000",
              "borderRadius": 10,
              "flex": -1,
              "flexDirection": "row",
              "justifyContent": "center",
              "margin": 15,
              "padding": 15,
            }
          }>
          <Text
            accessible={true}
            allowFontScaling={true}
            ellipsizeMode="tail"
            style={
              Array [
                Object {
                  "color": "#ffffff",
                },
                Object {
                  "fontSize": 12,
                },
              ]
            }>
            Redeem this Beer!
          </Text>
          <Text
            accessible={true}
            allowFontScaling={false}
            ellipsizeMode="tail"
            style={
              Array [
                Object {
                  "color": undefined,
                  "fontSize": 12,
                },
                Array [
                  Object {
                    "color": "#ffffff",
                  },
                  Object {
                    "fontSize": 24,
                    "paddingLeft": 10,
                    "paddingVertical": -3,
                  },
                ],
                Object {
                  "fontFamily": "Ionicons",
                  "fontStyle": "normal",
                  "fontWeight": "normal",
                },
              ]
            }>
            
          </Text>
        </View>
      </View>
    </View>
  </View>
</View>
`;
