exports[`test renders correctly 1`] = `
<View
  style={
    Object {
      "flex": 1,
      "flexDirection": "row",
    }
  }>
  <View
    style={
      Object {
        "alignItems": "center",
        "alignSelf": "center",
        "flex": 2,
        "flexDirection": "row",
        "paddingLeft": 10,
      }
    }>
    <Image
      source={
        Object {
          "uri": "test.jpg",
        }
      }
      style={
        Object {
          "height": 50,
          "width": 50,
        }
      } />
    <View
      style={
        Object {
          "flex": 1,
          "flexDirection": "column",
          "paddingLeft": 15,
        }
      }>
      <Text
        accessible={true}
        allowFontScaling={true}
        ellipsizeMode="tail"
        style={
          Object {
            "paddingBottom": 5,
          }
        }>
        Person
      </Text>
      <View
        style={
          Array [
            Object {
              "flex": -1,
            },
            undefined,
          ]
        }>
        <View
          style={
            Array [
              Object {
                "alignItems": "center",
                "flex": -1,
                "flexDirection": "row",
              },
              undefined,
            ]
          }>
          <Text
            accessible={true}
            allowFontScaling={false}
            ellipsizeMode="tail"
            style={
              Array [
                Object {
                  "color": undefined,
                  "fontSize": 12,
                },
                Object {
                  "color": "#999999",
                  "fontSize": 11.25,
                  "paddingRight": 4,
                },
                Object {
                  "fontFamily": "FontAwesome",
                  "fontStyle": "normal",
                  "fontWeight": "normal",
                },
              ]
            }>
            
          </Text>
          <Text
            accessible={true}
            allowFontScaling={true}
            ellipsizeMode="tail"
            style={
              Object {
                "color": "#999999",
                "fontSize": 9,
              }
            }>
            1 YEAR AGO
          </Text>
        </View>
      </View>
    </View>
  </View>
  <View
    style={
      Object {
        "alignItems": "flex-end",
        "alignSelf": "center",
        "flex": -1,
        "flexDirection": "row",
        "justifyContent": "flex-end",
      }
    }>
    <View
      accessibilityLabel="Redeem Bevegram Button"
      style={
        Object {
          "flex": -1,
          "flexDirection": "row-reverse",
        }
      }>
      <View
        accessibilityComponentType={undefined}
        accessibilityLabel={undefined}
        accessibilityTraits={undefined}
        accessible={true}
        hitSlop={undefined}
        onLayout={undefined}
        onResponderGrant={[Function]}
        onResponderMove={[Function]}
        onResponderRelease={[Function]}
        onResponderTerminate={[Function]}
        onResponderTerminationRequest={[Function]}
        onStartShouldSetResponder={[Function]}
        style={
          Array [
            Object {
              "backgroundColor": "transparent",
            },
            undefined,
          ]
        }
        testID={undefined}>
        <View
          style={
            Array [
              Object {
                "alignItems": "center",
                "backgroundColor": "#8B5E3C",
                "borderColor": "#000000",
                "borderRadius": 10,
                "elevation": 5,
                "flex": -1,
                "flexDirection": "row",
                "justifyContent": "center",
                "margin": 15,
                "padding": 15,
                "shadowColor": "#333333",
                "shadowOffset": Object {
                  "height": 1,
                  "width": 2,
                },
                "shadowOpacity": 0.5,
                "shadowRadius": 0.95,
              },
              Object {
                "margin": 12,
              },
              null,
              Object {
                "paddingVertical": 11,
              },
              null,
              Object {
                "height": 44,
              },
            ]
          }>
          <Text
            accessible={true}
            allowFontScaling={true}
            ellipsizeMode="tail"
            numberOfLines={1}
            style={
              Array [
                Object {
                  "backgroundColor": "rgba(0, 0, 0, 0)",
                  "color": "#ffffff",
                },
                Object {
                  "fontSize": 12,
                },
              ]
            }>
            Redeem undefined Bevegrams
          </Text>
          <Text
            accessible={true}
            allowFontScaling={false}
            ellipsizeMode="tail"
            style={
              Array [
                Object {
                  "color": undefined,
                  "fontSize": 12,
                },
                Array [
                  Object {
                    "backgroundColor": "rgba(0, 0, 0, 0)",
                    "color": "#ffffff",
                  },
                  Object {
                    "fontSize": 24,
                    "paddingTop": 2,
                  },
                  Object {
                    "flex": -1,
                    "paddingLeft": 10,
                  },
                ],
                Object {
                  "fontFamily": "Ionicons",
                  "fontStyle": "normal",
                  "fontWeight": "normal",
                },
              ]
            }>
            
          </Text>
        </View>
      </View>
    </View>
  </View>
</View>
`;
