exports[`CenteredModal component renders correctly 1`] = `
<Modal
  animationType="fade"
  onRequestClose={[Function]}
  transparent={true}
  visible={true}>
  <View
    style={
      Object {
        "height": 667,
        "width": 375,
      }
    }>
    <View
      style={
        Object {
          "backgroundColor": "rgba(34, 34, 34, 0.6)",
          "height": 667,
          "width": 375,
          "zIndex": 1,
        }
      }>
      <TouchableHighlight
        activeOpacity={0.85}
        onPress={[Function]}
        style={
          Object {
            "height": 667,
            "width": 375,
          }
        }
        underlayColor="#222222">
        <Text
          accessible={true}
          allowFontScaling={true}
          ellipsizeMode="tail">
           
        </Text>
      </TouchableHighlight>
    </View>
    <View
      style={
        Object {
          "backgroundColor": "#ffffff",
          "height": 533.6,
          "left": 18.75,
          "position": "absolute",
          "top": 66.69999999999999,
          "width": 337.5,
          "zIndex": 100,
        }
      }>
      <ScrollView
        style={
          Object {
            "height": 533.6,
            "zIndex": 100,
          }
        } />
    </View>
  </View>
</Modal>
`;
