// Jest Snapshot v1, https://goo.gl/fbAQLP

exports[`CenteredModal component renders correctly 1`] = `
<Modal
  animationType="fade"
  hardwareAccelerated={false}
  onRequestClose={[Function]}
  transparent={true}
  visible={true}
>
  <View
    style={
      Object {
        "height": 1334,
        "width": 750,
      }
    }
  >
    <View
      style={
        Object {
          "backgroundColor": "rgba(34, 34, 34, 0.6)",
          "height": 1334,
          "width": 750,
          "zIndex": 1,
        }
      }
    >
      <View
        accessibilityComponentType={undefined}
        accessibilityLabel={undefined}
        accessibilityTraits={undefined}
        accessible={true}
        hasTVPreferredFocus={undefined}
        hitSlop={undefined}
        isTVSelectable={true}
        nativeID={undefined}
        onLayout={undefined}
        onResponderGrant={[Function]}
        onResponderMove={[Function]}
        onResponderRelease={[Function]}
        onResponderTerminate={[Function]}
        onResponderTerminationRequest={[Function]}
        onStartShouldSetResponder={[Function]}
        style={
          Array [
            Object {
              "backgroundColor": "transparent",
            },
            Object {
              "height": 1334,
              "width": 750,
            },
          ]
        }
        testID={undefined}
        tvParallaxProperties={undefined}
      >
        <Text
          accessible={true}
          allowFontScaling={true}
          disabled={false}
          ellipsizeMode="tail"
        >
           
        </Text>
      </View>
    </View>
    <View
      accessibilityComponentType={undefined}
      accessibilityLabel={undefined}
      accessibilityTraits={undefined}
      accessible={true}
      hasTVPreferredFocus={undefined}
      hitSlop={undefined}
      isTVSelectable={true}
      nativeID={undefined}
      onLayout={undefined}
      onResponderGrant={[Function]}
      onResponderMove={[Function]}
      onResponderRelease={[Function]}
      onResponderTerminate={[Function]}
      onResponderTerminationRequest={[Function]}
      onStartShouldSetResponder={[Function]}
      style={
        Array [
          Object {
            "backgroundColor": "transparent",
          },
          Object {
            "backgroundColor": "#ffffff",
            "height": 1067.2,
            "left": 37.5,
            "position": "absolute",
            "top": 133.39999999999998,
            "width": 675,
            "zIndex": 100,
          },
        ]
      }
      testID={undefined}
      tvParallaxProperties={undefined}
    >
      <RCTScrollView
        style={
          Object {
            "borderRadius": 3,
            "height": 1067.2,
            "zIndex": 110,
          }
        }
      >
        <View />
      </RCTScrollView>
    </View>
  </View>
</Modal>
`;
