// Jest Snapshot v1, https://goo.gl/fbAQLP

exports[`Contact component renders correctly 1`] = `
<View
  style={
    Object {
      "flex": 1,
      "flexDirection": "row",
      "padding": 4.888888888888888,
    }
  }
>
  <View
    style={
      Object {
        "alignItems": "center",
        "alignSelf": "center",
        "flex": 1,
        "flexDirection": "row",
      }
    }
  >
    <View
      style={
        Array [
          Object {
            "elevation": 3,
            "margin": 4.888888888888888,
            "shadowColor": "#000000",
            "shadowOffset": Object {
              "height": 2,
              "width": 0,
            },
            "shadowOpacity": 0.18,
            "shadowRadius": 2,
          },
          Object {},
          Object {
            "borderRadius": 22.734326675206372,
          },
        ]
      }
    >
      <Image
        source={
          Object {
            "uri": "test.jpg",
          }
        }
        style={
          Object {
            "borderRadius": 22.734326675206372,
            "height": 45.468653350412744,
            "width": 45.468653350412744,
            "zIndex": 1000,
          }
        }
      />
    </View>
    <View
      style={
        Object {
          "flex": -1,
          "flexDirection": "column",
          "paddingLeft": 11,
        }
      }
    >
      <Text
        accessible={true}
        allowFontScaling={true}
        disabled={false}
        ellipsizeMode="tail"
        style={
          Object {
            "backgroundColor": "transparent",
            "color": "#333333",
            "fontFamily": undefined,
            "fontSize": 15,
            "fontWeight": "normal",
            "letterSpacing": undefined,
            "lineHeight": 22.5,
            "paddingBottom": 3.259259259259259,
            "textAlignVertical": "center",
          }
        }
        textStyle={
          Object {
            "paddingBottom": 3.259259259259259,
          }
        }
      >
        Andrew Simms
      </Text>
      <View
        style={
          Array [
            Object {
              "alignItems": "center",
              "flex": -1,
              "flexDirection": "row",
              "margin": 0,
              "padding": 0,
            },
            undefined,
          ]
        }
      >
        <View
          style={
            Array [
              Object {
                "alignItems": "center",
                "paddingRight": 7.333333333333333,
                "width": undefined,
              },
            ]
          }
        >
          <Text
            accessible={true}
            allowFontScaling={false}
            disabled={false}
            ellipsizeMode="tail"
            style={
              Array [
                Object {
                  "color": undefined,
                  "fontSize": 12,
                },
                Object {
                  "color": "#8D8D9D",
                  "fontSize": 15,
                  "lineHeight": 15,
                },
                Object {
                  "fontFamily": "FontAwesome",
                  "fontStyle": "normal",
                  "fontWeight": "normal",
                },
              ]
            }
          >
            
          </Text>
        </View>
        <Text
          accessible={true}
          allCaps={true}
          allowFontScaling={true}
          color="#51515E"
          disabled={false}
          ellipsizeMode="tail"
          fontWeight="bold"
          isCondensed={true}
          size="small"
          style={
            Object {
              "backgroundColor": "transparent",
              "color": "#51515E",
              "fontFamily": "Roboto",
              "fontSize": 10,
              "fontWeight": "bold",
              "letterSpacing": 0.5,
              "lineHeight": 10,
              "margin": 0,
              "paddingBottom": 0,
              "paddingTop": 2,
              "textAlignVertical": "center",
            }
          }
          textStyle={
            Object {
              "margin": 0,
              "paddingBottom": 0,
              "paddingTop": 2,
            }
          }
          underline={false}
        >
          12/12
        </Text>
        <View />
      </View>
    </View>
  </View>
  <View
    style={
      Object {
        "alignItems": "center",
        "alignSelf": "center",
        "flex": -1,
        "flexDirection": "row",
        "justifyContent": "flex-end",
      }
    }
  >
    <View
      style={
        Array [
          Object {
            "elevation": 3,
            "margin": 4.888888888888888,
            "shadowColor": "#000000",
            "shadowOffset": Object {
              "height": 2,
              "width": 0,
            },
            "shadowOpacity": 0.18,
            "shadowRadius": 2,
          },
          Object {},
          Object {
            "borderRadius": 3,
          },
        ]
      }
    >
      <View
        accessibilityComponentType={undefined}
        accessibilityLabel={undefined}
        accessibilityTraits={undefined}
        accessible={true}
        hasTVPreferredFocus={undefined}
        hitSlop={undefined}
        isTVSelectable={true}
        nativeID={undefined}
        onLayout={undefined}
        onResponderGrant={[Function]}
        onResponderMove={[Function]}
        onResponderRelease={[Function]}
        onResponderTerminate={[Function]}
        onResponderTerminationRequest={[Function]}
        onStartShouldSetResponder={[Function]}
        style={
          Array [
            Object {
              "backgroundColor": "transparent",
            },
            Object {
              "backgroundColor": "#8B5E3C",
              "borderColor": "#8B5E3C",
              "borderRadius": 3,
              "borderWidth": 0.5,
              "flex": -1,
            },
          ]
        }
        testID={undefined}
        tvParallaxProperties={undefined}
      >
        <View
          style={
            Object {
              "alignItems": "center",
              "flex": -1,
              "flexDirection": "row",
            }
          }
        >
          <View
            style={
              Array [
                Object {
                  "paddingHorizontal": 11,
                  "paddingVertical": 7.333333333333333,
                },
              ]
            }
          >
            <Text
              accessible={true}
              allowFontScaling={false}
              disabled={false}
              ellipsizeMode="tail"
              style={
                Array [
                  Object {
                    "color": undefined,
                    "fontSize": 12,
                  },
                  Object {
                    "color": "#ffffff",
                    "fontSize": 15,
                    "lineHeight": 15,
                    "textShadowColor": "rgba(0, 0, 0, 0.25)",
                    "textShadowOffset": Object {
                      "height": 1,
                      "width": 0,
                    },
                    "textShadowRadius": 2,
                  },
                  Object {
                    "fontFamily": "FontAwesome",
                    "fontStyle": "normal",
                    "fontWeight": "normal",
                  },
                ]
              }
            >
              
            </Text>
          </View>
          <Text
            accessible={true}
            allCaps={false}
            allowFontScaling={true}
            color="#ffffff"
            disabled={false}
            ellipsizeMode="tail"
            fontWeight="bold"
            isCondensed={true}
            showTextShadow={true}
            size="normal"
            style={
              Object {
                "backgroundColor": "transparent",
                "color": "#ffffff",
                "fontFamily": "Roboto",
                "fontSize": 15,
                "fontWeight": "bold",
                "letterSpacing": undefined,
                "lineHeight": 22.5,
                "paddingLeft": 0,
                "paddingRight": 11,
                "paddingVertical": 7.333333333333333,
                "textAlignVertical": "center",
                "textShadowColor": "rgba(0, 0, 0, 0.25)",
                "textShadowOffset": Object {
                  "height": 1,
                  "width": 0,
                },
                "textShadowRadius": 2,
                "top": 0,
              }
            }
            textStyle={
              Object {
                "paddingLeft": 0,
                "paddingRight": 11,
                "paddingVertical": 7.333333333333333,
                "top": 0,
              }
            }
          >
            Send Bevegram
          </Text>
        </View>
      </View>
    </View>
  </View>
</View>
`;
