exports[`Facebook App Invite Button renders correctly 1`] = `
<View
  style={
    Object {
      "alignItems": "center",
      "flex": -1,
      "justifyContent": "center",
      "marginTop": 15,
    }
  }>
  <View
    accessibilityComponentType={undefined}
    accessibilityLabel={undefined}
    accessibilityTraits={undefined}
    accessible={true}
    hitSlop={undefined}
    onLayout={undefined}
    onResponderGrant={[Function]}
    onResponderMove={[Function]}
    onResponderRelease={[Function]}
    onResponderTerminate={[Function]}
    onResponderTerminationRequest={[Function]}
    onStartShouldSetResponder={[Function]}
    style={
      Object {
        "alignItems": "center",
        "backgroundColor": "#3b5998",
        "borderRadius": 3,
        "flex": -1,
        "justifyContent": "center",
        "opacity": 1,
      }
    }
    testID={undefined}>
    <Text
      accessible={true}
      allowFontScaling={true}
      ellipsizeMode="tail"
      style={
        Object {
          "color": "#ffffff",
          "padding": 10,
        }
      }>
      Invite Friends
    </Text>
  </View>
</View>
`;
