exports[`test renders correctly 1`] = `
<View
  style={
    Object {
      "flex": 1,
    }
  }>
  <View
    style={
      Object {
        "alignItems": "center",
        "backgroundColor": "#8ED0BA",
        "flex": 1,
        "justifyContent": "center",
      }
    }>
    <Image
      resizeMode="contain"
      source={1}
      style={
        Object {
          "height": 200.1,
          "width": 300,
        }
      } />
    <Text
      accessible={true}
      allowFontScaling={true}
      ellipsizeMode="tail"
      style={
        Object {
          "color": "#333",
          "fontSize": 25,
          "marginTop": 35,
        }
      }>
      Send a Beer to a Friend!
    </Text>
  </View>
  <View
    style={
      Object {
        "alignItems": "center",
        "flex": 1,
        "justifyContent": "center",
      }
    }>
    <View
      style={
        Object {
          "alignItems": "center",
          "flex": -1,
        }
      }>
      <View
        style={
          Array [
            Object {
              "alignSelf": "flex-start",
              "borderColor": "red",
              "borderWidth": 1,
            },
            Object {
              "height": 30,
              "width": 180,
            },
          ]
        } />
    </View>
    <View
      style={
        Object {
          "alignItems": "center",
          "flex": -1,
          "marginTop": 30,
        }
      }>
      <TouchableHighlight
        activeOpacity={0.85}
        onPress={undefined}
        style={
          Object {
            "backgroundColor": "#dd4b39",
            "borderRadius": 3,
            "padding": 15,
          }
        }
        underlayColor="black">
        <Text
          accessible={true}
          allowFontScaling={true}
          ellipsizeMode="tail"
          style={
            Object {
              "color": "#ffffff",
              "fontSize": 20,
            }
          }>
          Import Contacts from Google
        </Text>
      </TouchableHighlight>
    </View>
    <View
      style={
        Object {
          "alignItems": "center",
          "flex": -1,
          "marginHorizontal": 30,
          "marginTop": 30,
        }
      }>
      <Text
        accessible={true}
        allowFontScaling={true}
        ellipsizeMode="tail">
        * We only use your Contacts to send and receive Bevegrams. Your privacy is important to us. We promise to never share your information with anyone for any reason.
      </Text>
    </View>
  </View>
</View>
`;
