exports[`test renders correctly 1`] = `
<ScrollView
  style={
    Object {
      "flex": 1,
    }
  }>
  <View
    style={
      Object {
        "height": 64,
      }
    } />
  <View
    style={
      Object {
        "flex": 1,
        "padding": 20,
      }
    }>
    <View
      style={
        Object {
          "borderBottomWidth": 1,
          "borderColor": "#dddddd",
          "flex": -1,
          "flexDirection": "row",
          "marginBottom": 15,
          "paddingBottom": 10,
        }
      }>
      <View
        style={
          Object {
            "alignItems": "flex-start",
            "flex": 1,
            "justifyContent": "center",
          }
        }>
        <Text
          accessible={true}
          allowFontScaling={true}
          ellipsizeMode="tail"
          style={
            Object {
              "fontSize": 20,
              "fontWeight": "bold",
            }
          }>
          Receipent:
        </Text>
      </View>
      <View
        style={
          Object {
            "alignItems": "flex-end",
            "flex": 1,
            "paddingRight": 10,
          }
        }>
        <Text
          accessible={true}
          allowFontScaling={true}
          ellipsizeMode="tail"
          style={
            Object {
              "fontSize": 20,
            }
          }>
          Testy McTest
        </Text>
      </View>
    </View>
    <View
      style={
        Object {
          "borderBottomWidth": 1,
          "borderColor": "#dddddd",
          "flex": -1,
          "flexDirection": "row",
          "marginBottom": 15,
          "paddingBottom": 10,
        }
      }>
      <View
        style={
          Object {
            "alignItems": "flex-start",
            "flex": 1,
            "justifyContent": "center",
          }
        }>
        <Text
          accessible={true}
          allowFontScaling={true}
          ellipsizeMode="tail"
          style={
            Object {
              "fontSize": 20,
              "fontWeight": "bold",
            }
          }>
          Number of Beers:
        </Text>
      </View>
      <View
        style={
          Object {
            "alignItems": "stretch",
            "flex": 1,
            "flexDirection": "row",
            "justifyContent": "center",
            "paddingRight": 10,
          }
        }>
        <View
          style={
            Object {
              "alignItems": "flex-end",
              "flex": 2,
              "flexDirection": "row",
              "justifyContent": "flex-end",
            }
          }>
          <TouchableHighlight
            activeOpacity={0.85}
            hitSlop={
              Object {
                "bottom": 10,
                "left": 10,
                "right": 10,
                "top": 10,
              }
            }
            onPress={[Function]}
            style={
              Array [
                Object {
                  "alignItems": "center",
                  "alignSelf": "center",
                  "backgroundColor": "#8ED0BA",
                  "borderRadius": 100,
                  "flex": 1,
                  "flexDirection": "row",
                  "justifyContent": "center",
                },
                Object {
                  "marginRight": 15,
                },
              ]
            }
            underlayColor="black">
            <Text
              accessible={true}
              allowFontScaling={true}
              ellipsizeMode="tail"
              style={
                Object {
                  "fontSize": 25,
                  "fontWeight": "bold",
                }
              }>
              +
            </Text>
          </TouchableHighlight>
          <TouchableHighlight
            activeOpacity={0.85}
            hitSlop={
              Object {
                "bottom": 10,
                "left": 10,
                "right": 10,
                "top": 10,
              }
            }
            onPress={[Function]}
            style={
              Object {
                "alignItems": "center",
                "alignSelf": "center",
                "backgroundColor": "#8ED0BA",
                "borderRadius": 100,
                "flex": 1,
                "flexDirection": "row",
                "justifyContent": "center",
              }
            }
            underlayColor="black">
            <Text
              accessible={true}
              allowFontScaling={true}
              ellipsizeMode="tail"
              style={
                Object {
                  "fontSize": 25,
                  "fontWeight": "bold",
                }
              }>
              -
            </Text>
          </TouchableHighlight>
        </View>
        <View
          style={
            Object {
              "alignItems": "flex-end",
              "flex": 1,
            }
          }>
          <Text
            accessible={true}
            allowFontScaling={true}
            ellipsizeMode="tail"
            style={
              Object {
                "fontSize": 20,
                "fontWeight": "bold",
              }
            }>
            1
          </Text>
        </View>
      </View>
    </View>
    <View
      style={
        Object {
          "borderBottomWidth": 1,
          "borderColor": "#dddddd",
          "flex": -1,
          "flexDirection": "row",
          "marginBottom": 15,
          "paddingBottom": 10,
        }
      }>
      <View
        style={
          Object {
            "alignItems": "flex-start",
            "flex": 1,
            "justifyContent": "center",
          }
        }>
        <Text
          accessible={true}
          allowFontScaling={true}
          ellipsizeMode="tail"
          style={
            Object {
              "fontSize": 20,
              "fontWeight": "bold",
            }
          }>
          Coupon:
        </Text>
      </View>
      <View
        style={
          Object {
            "alignItems": "flex-end",
            "flex": 1,
            "paddingRight": 10,
          }
        }>
        <View
          style={
            Object {
              "alignItems": "flex-end",
              "flex": 1,
              "justifyContent": "center",
            }
          }>
          <TextInput
            maxLength={4}
            onChangeText={[Function]}
            placeholder="ABCD"
            placeholderTextColor="#cccccc"
            style={
              Object {
                "height": 40,
                "textAlign": "center",
                "width": 65,
              }
            } />
        </View>
      </View>
    </View>
    <View
      style={
        Object {
          "borderBottomWidth": 1,
          "borderColor": "#dddddd",
          "flex": -1,
          "flexDirection": "row",
          "marginBottom": 15,
          "paddingBottom": 10,
        }
      }>
      <View
        style={
          Object {
            "alignItems": "flex-start",
            "flex": 1,
            "justifyContent": "center",
          }
        }>
        <Text
          accessible={true}
          allowFontScaling={true}
          ellipsizeMode="tail"
          style={
            Object {
              "fontSize": 20,
              "fontWeight": "bold",
            }
          }>
          Cost:
        </Text>
      </View>
      <View
        style={
          Array [
            Object {
              "alignItems": "flex-end",
              "flex": 1,
              "paddingRight": 10,
            },
            Object {
              "flex": 1,
            },
          ]
        }>
        <Text
          accessible={true}
          allowFontScaling={true}
          ellipsizeMode="tail"
          style={
            Object {
              "fontSize": 20,
            }
          }>
          $ 
          6.00
        </Text>
      </View>
    </View>
    <View
      style={
        Object {
          "borderBottomWidth": 1,
          "borderColor": "#dddddd",
          "flex": -1,
          "flexDirection": "row",
          "marginBottom": 15,
          "paddingBottom": 10,
        }
      }>
      <TouchableOpacity
        activeOpacity={0.2}
        onPress={[Function]}
        style={
          Object {
            "flex": 1,
            "flexDirection": "row",
          }
        }>
        <View
          style={
            Array [
              Object {
                "alignItems": "flex-start",
                "flex": 1,
                "justifyContent": "center",
              },
              Object {
                "flex": 2,
              },
            ]
          }>
          <Text
            accessible={true}
            allowFontScaling={true}
            ellipsizeMode="tail"
            style={
              Array [
                Object {
                  "fontSize": 20,
                  "fontWeight": "bold",
                },
                Object {
                  "fontWeight": "normal",
                },
              ]
            }>
            Add Credit Card
          </Text>
        </View>
        <View
          style={
            Object {
              "alignItems": "flex-end",
              "flex": 1,
              "paddingRight": 10,
            }
          }>
          <Text
            accessible={true}
            allowFontScaling={false}
            ellipsizeMode="tail"
            style={
              Array [
                Object {
                  "color": undefined,
                  "fontSize": 35,
                },
                undefined,
                Object {
                  "fontFamily": "Ionicons",
                  "fontStyle": "normal",
                  "fontWeight": "normal",
                },
              ]
            }>
            
          </Text>
        </View>
      </TouchableOpacity>
    </View>
    <View>
      <Text
        accessible={true}
        allowFontScaling={true}
        ellipsizeMode="tail"
        style={
          Object {
            "fontSize": 20,
            "fontWeight": "bold",
          }
        }>
        Message:
      </Text>
    </View>
    <View>
      <TextInput
        placeholder="Happy Birthday! Have a cold one on me!"
        placeholderTextColor="#cccccc"
        style={
          Object {
            "flex": 1,
          }
        } />
    </View>
    <View
      style={
        Object {
          "flexDirection": "row",
          "paddingTop": 20,
        }
      }>
      <View
        style={
          Object {
            "alignItems": "flex-start",
            "flex": 1,
          }
        }>
        <View
          style={
            Object {
              "flex": 1,
              "flexDirection": "row-reverse",
            }
          }>
          <TouchableHighlight
            activeOpacity={0.85}
            onPress={undefined}
            underlayColor="#ffffff">
            <View
              style={
                Array [
                  Object {
                    "alignItems": "center",
                    "backgroundColor": "#8B5E3C",
                    "borderColor": "#000000",
                    "borderRadius": 10,
                    "flex": -1,
                    "flexDirection": "row",
                    "justifyContent": "center",
                    "margin": 15,
                    "padding": 15,
                  },
                  Object {
                    "margin": 12,
                  },
                  null,
                  null,
                ]
              }>
              <Text
                accessible={true}
                allowFontScaling={true}
                ellipsizeMode="tail"
                style={
                  Array [
                    Object {
                      "color": "#ffffff",
                    },
                    Object {
                      "fontSize": 20,
                    },
                  ]
                }>
                Cancel
              </Text>
            </View>
          </TouchableHighlight>
        </View>
      </View>
      <View
        style={
          Object {
            "alignItems": "flex-end",
            "flex": 1,
          }
        }>
        <View
          style={
            Object {
              "flex": 1,
              "flexDirection": "row-reverse",
            }
          }>
          <TouchableHighlight
            activeOpacity={0.85}
            onPress={undefined}
            underlayColor="#ffffff">
            <View
              style={
                Array [
                  Object {
                    "alignItems": "center",
                    "backgroundColor": "#8B5E3C",
                    "borderColor": "#000000",
                    "borderRadius": 10,
                    "flex": -1,
                    "flexDirection": "row",
                    "justifyContent": "center",
                    "margin": 15,
                    "padding": 15,
                  },
                  Object {
                    "margin": 12,
                  },
                  null,
                  Object {
                    "paddingVertical": 11,
                  },
                ]
              }>
              <Text
                accessible={true}
                allowFontScaling={true}
                ellipsizeMode="tail"
                style={
                  Array [
                    Object {
                      "color": "#ffffff",
                    },
                    Object {
                      "fontSize": 20,
                    },
                  ]
                }>
                Add Credit Card
              </Text>
              <Text
                accessible={true}
                allowFontScaling={false}
                ellipsizeMode="tail"
                style={
                  Array [
                    Object {
                      "color": undefined,
                      "fontSize": 12,
                    },
                    Array [
                      Object {
                        "color": "#ffffff",
                      },
                      Object {
                        "fontSize": 40,
                        "paddingLeft": 10,
                        "paddingTop": 2,
                      },
                    ],
                    Object {
                      "fontFamily": "Ionicons",
                      "fontStyle": "normal",
                      "fontWeight": "normal",
                    },
                  ]
                }>
                
              </Text>
            </View>
          </TouchableHighlight>
        </View>
      </View>
    </View>
    <View
      style={
        Object {
          "height": 20,
        }
      } />
  </View>
</ScrollView>
`;
