// Jest Snapshot v1, https://goo.gl/fbAQLP

exports[`RedeemBeer component renders correctly 1`] = `
<RCTScrollView
  contentInset={
    Object {
      "bottom": 0,
    }
  }
  enableAutoAutomaticScroll={true}
  enableResetScrollToCoords={true}
  extraHeight={75}
  extraScrollHeight={30}
  keyboardDismissMode="interactive"
  keyboardOpeningTime={250}
  keyboardShouldPersistTaps="always"
  onScroll={[Function]}
  refreshControl={null}
  scrollEventThrottle={0}
  showsVerticalScrollIndicator={true}
  style={
    Object {
      "flex": 1,
      "height": NaN,
      "left": 0,
      "top": 85,
      "width": 750,
    }
  }
>
  <View>
    <View
      style={
        Object {
          "flex": 1,
          "paddingBottom": 5,
          "paddingHorizontal": 20,
          "paddingTop": 15,
        }
      }
    >
      <View
        style={
          Object {
            "borderBottomWidth": 0.5,
            "borderColor": "#dddddd",
            "flex": -1,
            "flexDirection": "row",
            "marginBottom": 15,
            "paddingBottom": 10,
          }
        }
      >
        <View
          style={
            Object {
              "alignItems": "flex-start",
              "flex": -1,
              "justifyContent": "center",
            }
          }
        >
          <Text
            accessible={true}
            allowFontScaling={true}
            disabled={false}
            ellipsizeMode="tail"
            style={
              Object {
                "fontSize": 20,
                "fontWeight": "bold",
              }
            }
          >
            From:
          </Text>
        </View>
        <View
          style={
            Object {
              "alignItems": "center",
              "flex": 1,
              "flexDirection": "row",
              "justifyContent": "flex-end",
            }
          }
        >
          <Text
            accessible={true}
            allowFontScaling={true}
            disabled={false}
            ellipsizeMode="tail"
            style={
              Object {
                "fontSize": 20,
              }
            }
          >
            Testy
          </Text>
        </View>
      </View>
      <View
        style={
          Object {
            "borderBottomWidth": 0.5,
            "borderColor": "#dddddd",
            "flex": -1,
            "flexDirection": "row",
            "marginBottom": 15,
            "paddingBottom": 10,
          }
        }
      >
        <View
          style={
            Array [
              Object {
                "alignItems": "flex-start",
                "flex": -1,
                "justifyContent": "center",
              },
              Object {
                "flex": 1,
              },
            ]
          }
        >
          <Text
            accessible={true}
            allowFontScaling={true}
            disabled={false}
            ellipsizeMode="tail"
            style={
              Object {
                "fontSize": 20,
                "fontWeight": "bold",
              }
            }
          >
            Quantity:
          </Text>
        </View>
        <View
          style={
            Array [
              Object {
                "alignItems": "center",
                "flex": 1,
                "flexDirection": "row",
                "justifyContent": "flex-end",
              },
              Object {
                "flex": 1,
                "justifyContent": "flex-end",
              },
            ]
          }
        >
          <Text
            accessible={true}
            allowFontScaling={true}
            disabled={false}
            ellipsizeMode="tail"
            style={
              Object {
                "fontSize": 20,
              }
            }
          >
            1
          </Text>
          <View />
        </View>
      </View>
      <View>
        <View
          style={
            Array [
              Object {
                "borderBottomWidth": 0.5,
                "borderColor": "#dddddd",
                "flex": -1,
                "flexDirection": "row",
                "marginBottom": 15,
                "paddingBottom": 10,
              },
              Object {
                "borderBottomWidth": 0,
                "marginBottom": 0,
              },
            ]
          }
        >
          <View
            style={
              Object {
                "alignItems": "flex-start",
                "flex": -1,
                "justifyContent": "center",
              }
            }
          >
            <Text
              accessible={true}
              allowFontScaling={true}
              disabled={false}
              ellipsizeMode="tail"
              style={
                Object {
                  "fontSize": 20,
                  "fontWeight": "bold",
                }
              }
            >
              Select Your Location:
            </Text>
          </View>
          <View
            style={
              Object {
                "alignItems": "center",
                "flex": 1,
                "flexDirection": "row",
                "justifyContent": "flex-end",
              }
            }
          >
            <View
              accessibilityComponentType={undefined}
              accessibilityLabel={undefined}
              accessibilityTraits={undefined}
              accessible={true}
              hasTVPreferredFocus={undefined}
              hitSlop={undefined}
              isTVSelectable={true}
              nativeID={undefined}
              onLayout={undefined}
              onResponderGrant={[Function]}
              onResponderMove={[Function]}
              onResponderRelease={[Function]}
              onResponderTerminate={[Function]}
              onResponderTerminationRequest={[Function]}
              onStartShouldSetResponder={[Function]}
              style={
                Array [
                  Object {
                    "backgroundColor": "transparent",
                  },
                  undefined,
                ]
              }
              testID={undefined}
              tvParallaxProperties={undefined}
            >
              <View>
                <View
                  style={
                    Array [
                      Object {
                        "alignItems": "center",
                        "flex": -1,
                        "flexDirection": "row",
                      },
                      undefined,
                      Object {},
                    ]
                  }
                >
                  <View
                    style={
                      Object {
                        "alignItems": "center",
                        "marginRight": 4,
                        "width": 11.25,
                      }
                    }
                  >
                    <Text
                      accessible={true}
                      allowFontScaling={false}
                      disabled={false}
                      ellipsizeMode="tail"
                      style={
                        Array [
                          Object {
                            "color": undefined,
                            "fontSize": 12,
                          },
                          Object {
                            "color": "#999999",
                            "fontSize": 9,
                          },
                          Object {
                            "fontFamily": "FontAwesome",
                            "fontStyle": "normal",
                            "fontWeight": "normal",
                          },
                        ]
                      }
                    >
                      
                    </Text>
                  </View>
                  <Text
                    accessible={true}
                    allowFontScaling={true}
                    disabled={false}
                    ellipsizeMode="tail"
                    style={
                      Array [
                        Object {
                          "fontSize": 9,
                        },
                        Object {},
                        Object {
                          "color": "#999999",
                        },
                        undefined,
                      ]
                    }
                  >
                    REFRESH
                  </Text>
                  <View />
                </View>
              </View>
            </View>
          </View>
        </View>
        <View
          style={
            Object {
              "alignItems": "center",
              "justifyContent": "center",
            }
          }
        >
          <Text
            accessible={true}
            allowFontScaling={true}
            disabled={false}
            ellipsizeMode="tail"
            style={
              Array [
                Object {
                  "color": "#555555",
                  "fontSize": 30,
                  "fontWeight": "300",
                },
                Object {
                  "paddingVertical": 15,
                },
              ]
            }
          >
            Unable to determine your location!
          </Text>
          <View
            accessibilityComponentType={undefined}
            accessibilityLabel={undefined}
            accessibilityTraits={undefined}
            accessible={true}
            hasTVPreferredFocus={undefined}
            hitSlop={undefined}
            isTVSelectable={true}
            nativeID={undefined}
            onLayout={undefined}
            onResponderGrant={[Function]}
            onResponderMove={[Function]}
            onResponderRelease={[Function]}
            onResponderTerminate={[Function]}
            onResponderTerminationRequest={[Function]}
            onStartShouldSetResponder={[Function]}
            style={
              Array [
                Object {
                  "backgroundColor": "transparent",
                },
                Array [
                  Object {
                    "alignItems": "center",
                    "flex": 1,
                    "flexDirection": "row",
                    "justifyContent": "flex-end",
                  },
                  undefined,
                ],
              ]
            }
            testID={undefined}
            tvParallaxProperties={undefined}
          >
            <View
              style={
                Object {
                  "flex": -1,
                }
              }
            >
              <View
                style={
                  Array [
                    Object {
                      "alignItems": "center",
                      "flex": -1,
                      "flexDirection": "row",
                    },
                    undefined,
                    Object {
                      "borderColor": "#222222",
                      "borderRadius": 3,
                      "borderWidth": 0.5,
                      "padding": 7,
                      "paddingLeft": 13,
                    },
                  ]
                }
              >
                <View />
                <Text
                  accessible={true}
                  allowFontScaling={true}
                  disabled={false}
                  ellipsizeMode="tail"
                  style={
                    Array [
                      Object {
                        "fontSize": 22,
                      },
                      Object {},
                      Object {
                        "color": "#222222",
                      },
                      Object {
                        "fontWeight": "bold",
                      },
                    ]
                  }
                >
                  Try Again
                </Text>
                <View
                  style={
                    Object {
                      "alignItems": "center",
                      "marginLeft": 4,
                      "width": 27.5,
                    }
                  }
                >
                  <Text
                    accessible={true}
                    allowFontScaling={false}
                    disabled={false}
                    ellipsizeMode="tail"
                    style={
                      Array [
                        Object {
                          "color": undefined,
                          "fontSize": 12,
                        },
                        Object {
                          "color": "#222222",
                          "fontSize": 16,
                        },
                        Object {
                          "fontFamily": "FontAwesome",
                          "fontStyle": "normal",
                          "fontWeight": "normal",
                        },
                      ]
                    }
                  >
                    
                  </Text>
                </View>
              </View>
            </View>
          </View>
        </View>
      </View>
    </View>
  </View>
</RCTScrollView>
`;
